[frame] 285,798 rows, 310 sensors, 2021-01-01 -> 2026-05-01
[models] rf (w=0.683), lgbm (w=0.008), cat (w=0.309)
[sample] 6,000 rows (seed 42)

[shap] rf (weight 0.683)
  [rf] 512/6000 rows  (152s elapsed, ~1629s left)
  [rf] 1024/6000 rows  (263s elapsed, ~1280s left)
  [rf] 1536/6000 rows  (362s elapsed, ~1052s left)
  [rf] 2048/6000 rows  (449s elapsed, ~866s left)
  [rf] 2560/6000 rows  (529s elapsed, ~710s left)
  [rf] 3072/6000 rows  (638s elapsed, ~608s left)
  [rf] 3584/6000 rows  (739s elapsed, ~498s left)
  [rf] 4096/6000 rows  (823s elapsed, ~383s left)
  [rf] 4608/6000 rows  (910s elapsed, ~275s left)
  [rf] 5120/6000 rows  (1005s elapsed, ~173s left)
  [rf] 5632/6000 rows  (1087s elapsed, ~71s left)
  [rf] 6000/6000 rows  (1156s elapsed, ~0s left)
  [rf] explainer build 0.1s, values 1155.9s (192.6 ms/row)

[shap] lgbm (weight 0.008)
  [lgbm] 512/6000 rows  (0s elapsed, ~3s left)
  [lgbm] 1024/6000 rows  (1s elapsed, ~3s left)
  [lgbm] 1536/6000 rows  (1s elapsed, ~2s left)
  [lgbm] 2048/6000 rows  (1s elapsed, ~2s left)
  [lgbm] 2560/6000 rows  (1s elapsed, ~2s left)
  [lgbm] 3072/6000 rows  (2s elapsed, ~2s left)
  [lgbm] 3584/6000 rows  (2s elapsed, ~1s left)
  [lgbm] 4096/6000 rows  (2s elapsed, ~1s left)
  [lgbm] 4608/6000 rows  (3s elapsed, ~1s left)
  [lgbm] 5120/6000 rows  (3s elapsed, ~1s left)
  [lgbm] 5632/6000 rows  (4s elapsed, ~0s left)
  [lgbm] 6000/6000 rows  (5s elapsed, ~0s left)
  [lgbm] explainer build 0.7s, values 4.7s (0.8 ms/row)

[shap] cat (weight 0.309)
  [cat] 512/6000 rows  (1s elapsed, ~12s left)
  [cat] 1024/6000 rows  (2s elapsed, ~10s left)
  [cat] 1536/6000 rows  (3s elapsed, ~9s left)
  [cat] 2048/6000 rows  (4s elapsed, ~7s left)
  [cat] 2560/6000 rows  (4s elapsed, ~6s left)
  [cat] 3072/6000 rows  (5s elapsed, ~4s left)
  [cat] 3584/6000 rows  (5s elapsed, ~4s left)
  [cat] 4096/6000 rows  (6s elapsed, ~3s left)
  [cat] 4608/6000 rows  (7s elapsed, ~2s left)
  [cat] 5120/6000 rows  (7s elapsed, ~1s left)
  [cat] 5632/6000 rows  (8s elapsed, ~1s left)
  [cat] 6000/6000 rows  (9s elapsed, ~0s left)
  [cat] explainer build 0.7s, values 8.6s (1.4 ms/row)
C:\Users\natha\AppData\Roaming\Python\Python314\site-packages\sklearn\utils\validation.py:2691: UserWarning: X does not have valid feature names, but LGBMRegressor was fitted with feature names
  warnings.warn(

[done] ensemble base value = 6.682 ug/m3
[done] additivity |err|: max 3.0349, mean 3.0349 ug/m3
[done] cached -> C:\Users\natha\OneDrive\Desktop\shared-skies-initiative\xai\outputs\cache
